
> ovb-app@0.1.0 build
> next build

Ôû▓ Next.js 16.1.1 (Turbopack)

  Creating an optimized production build ...
Ô£ô Compiled successfully in 8.5s
  Running TypeScript ...
  Collecting page data using 3 workers ...
  Generating static pages using 3 workers (0/13) ...
  Generating static pages using 3 workers (3/13) 
  Generating static pages using 3 workers (6/13) 
  Generating static pages using 3 workers (9/13) 
Ô£ô Generating static pages using 3 workers (13/13) in 912.8ms
  Finalizing page optimization ...

Route (app)
Ôöî Ôùï /
Ôö£ Ôùï /_not-found
Ôö£ Ôùï /apps
Ôö£ Ôùï /home
Ôö£ Ôùï /pages/abs
Ôö£ Ôùï /pages/chancenblatt
Ôö£ Ôùï /pages/empfehlung
Ôö£ Ôùï /pages/kapitalmarkt
Ôö£ Ôùï /pages/kontaktbogen
Ôö£ Ôùï /pages/lebensplan
Ôöö Ôùï /pages/werbung


Ôùï  (Static)  prerendered as static content

